(roots 4 8 11 12 17 20 26 32 45 51 61 91 98 105 112 119 128 138 142 161)
(strings
  (0 "show")
  (1 "T")
  (2 "type")
  (3 "Output")
  (4 "this")
  (5 "printable")
  (6 "option")
  (7 "some")
  (8 "none")
  (9 "less")
  (10 "equal")
  (11 "greater")
  (12 "ordering")
  (13 "point")
  (14 "x")
  (15 "int")
  (16 "y")
  (17 "label")
  (18 "string")
  (19 "box")
  (20 "value")
  (21 "negate")
  (22 "choose")
  (23 "flag")
  (24 "bool")
  (25 "invert")
  (26 "classify")
  (27 "n")
  (28 "fib")
  (29 "num")
  (30 "nonnegative")
  (31 "small")
  (32 "nonzero")
  (33 "half")
  (34 "scale")
  (35 "N")
  (36 "box_it")
  (37 "pi")
  (38 "float")
  (39 "main")
  (40 "s")
  (41 "structure")
  (42 "generic")
)
(nodes
  (0 type name "type")
  (1 type self)
  (2 type self)
  (3 type name "Output")
  (4 decl trait (name "show") (generics (param "T" type 0 nil)) (items (assoc_type "Output" 1) (function (name "show") (generics) (params (param "this" 2)) (return 3) (where) (body nil))))
  (5 type name "type")
  (6 identifier "T")
  (7 type applied "show" (args 6))
  (8 decl concept (name "printable") (generics (param "T" type 5 nil)) (requires 7))
  (9 type name "type")
  (10 type name "T")
  (11 decl sum (name "option") (generics (param "T" type 9 nil)) (variants (variant "some" 10) (variant "none" nil)))
  (12 decl enum (name "ordering") (cases "less" "equal" "greater"))
  (13 type name "int")
  (14 type name "int")
  (15 type name "string")
  (16 type optional 15)
  (17 decl struct (name "point") (generics) (fields (field "x" 13) (field "y" 14) (field "label" 16)))
  (18 type name "type")
  (19 type name "T")
  (20 decl struct (name "box") (generics (param "T" type 18 nil)) (fields (field "value" 19)))
  (21 type self)
  (22 type self)
  (23 identifier "this")
  (24 unary ret 23)
  (25 block (items 24))
  (26 decl impl (trait "show") (for "point") (functions (function (name "show") (generics) (params (param "this" 21)) (return 22) (where) (body 25))))
  (27 type name "int")
  (28 type name "int")
  (29 identifier "x")
  (30 unary neg 29)
  (31 block (items 30))
  (32 decl function (name "negate") (generics) (params (param "x" 27)) (return 28) (where) (body 31))
  (33 type name "bool")
  (34 type name "int")
  (35 identifier "flag")
  (36 unary not 35)
  (37 integer 0)
  (38 unary ret 37)
  (39 block (items 38))
  (40 integer 1)
  (41 unary ret 40)
  (42 block (items 41))
  (43 if 36 39 42)
  (44 block (items 43))
  (45 decl function (name "choose") (generics) (params (param "flag" 33)) (return 34) (where) (body 44))
  (46 type name "bool")
  (47 type name "bool")
  (48 identifier "flag")
  (49 unary not 48)
  (50 block (items 49))
  (51 decl function (name "invert") (generics) (params (param "flag" 46)) (return 47) (where) (body 50))
  (52 type name "int")
  (53 type name "ordering")
  (54 identifier "n")
  (55 integer 0)
  (56 identifier "less")
  (57 integer 1)
  (58 identifier "greater")
  (59 match 54 (arms (arm 55 56) (arm 57 58)))
  (60 block (items 59))
  (61 decl function (name "classify") (generics) (params (param "n" 52)) (return 53) (where) (body 60))
  (62 type name "type")
  (63 type name "num")
  (64 type name "num")
  (65 type name "type")
  (66 identifier "n")
  (67 integer 1)
  (68 binary less_than 66 67)
  (69 integer 0)
  (70 block (items 69))
  (71 identifier "n")
  (72 integer 1)
  (73 binary equal 71 72)
  (74 integer 1)
  (75 block (items 74))
  (76 identifier "fib")
  (77 identifier "n")
  (78 integer 1)
  (79 binary sub 77 78)
  (80 binary call 76 79)
  (81 identifier "fib")
  (82 identifier "n")
  (83 integer 2)
  (84 binary sub 82 83)
  (85 binary call 81 84)
  (86 binary add 80 85)
  (87 block (items 86))
  (88 if 73 75 87)
  (89 if 68 70 88)
  (90 block (items 89))
  (91 decl function (name "fib") (generics (param "num" type 62 nil)) (params (param "n" 63)) (return 64) (where (req "num" 65)) (body 90))
  (92 type name "int")
  (93 type name "bool")
  (94 identifier "x")
  (95 integer 0)
  (96 binary greater_or_equal 94 95)
  (97 block (items 96))
  (98 decl function (name "nonnegative") (generics) (params (param "x" 92)) (return 93) (where) (body 97))
  (99 type name "int")
  (100 type name "bool")
  (101 identifier "x")
  (102 integer 10)
  (103 binary less_or_equal 101 102)
  (104 block (items 103))
  (105 decl function (name "small") (generics) (params (param "x" 99)) (return 100) (where) (body 104))
  (106 type name "int")
  (107 type name "bool")
  (108 identifier "x")
  (109 integer 0)
  (110 binary not_equal 108 109)
  (111 block (items 110))
  (112 decl function (name "nonzero") (generics) (params (param "x" 106)) (return 107) (where) (body 111))
  (113 type name "int")
  (114 type name "int")
  (115 identifier "x")
  (116 integer 2)
  (117 binary div 115 116)
  (118 block (items 117))
  (119 decl function (name "half") (generics) (params (param "x" 113)) (return 114) (where) (body 118))
  (120 type name "int")
  (121 type name "int")
  (122 type name "int")
  (123 identifier "x")
  (124 identifier "N")
  (125 binary mul 123 124)
  (126 unary ret 125)
  (127 block (items 126))
  (128 decl function (name "scale") (generics (param "N" value 120 nil)) (params (param "x" 121)) (return 122) (where) (body 127))
  (129 type name "type")
  (130 type name "T")
  (131 identifier "T")
  (132 type applied "box" (args 131))
  (133 identifier "box")
  (134 identifier "x")
  (135 binary call 133 134)
  (136 unary ret 135)
  (137 block (items 136))
  (138 decl function (name "box_it") (generics (param "T" type 129 nil)) (params (param "x" 130)) (return 132) (where) (body 137))
  (139 type name "float")
  (140 float 3.140000104904175)
  (141 block (items 140))
  (142 decl function (name "pi") (generics) (params) (return 139) (where) (body 141))
  (143 type name "int")
  (144 identifier "s")
  (145 float 3.140000104904175)
  (146 binary less_than 144 145)
  (147 identifier "generic")
  (148 type applied "structure" (args 147))
  (149 identifier "choose")
  (150 boolean true)
  (151 binary call 149 150)
  (152 identifier "fib")
  (153 integer 1)
  (154 binary call 152 153)
  (155 binary pipe 151 154)
  (156 identifier "negate")
  (157 integer 1)
  (158 binary call 156 157)
  (159 binary pipe 155 158)
  (160 block (items 146 148 159))
  (161 decl function (name "main") (generics) (params) (return 143) (where) (body 160))
)
